
     Program PWSCF v.7.0 starts on  4Jul2022 at 21:52:55 

     This program is part of the open-source Quantum ESPRESSO suite
     for quantum simulation of materials; please cite
         "P. Giannozzi et al., J. Phys.:Condens. Matter 21 395502 (2009);
         "P. Giannozzi et al., J. Phys.:Condens. Matter 29 465901 (2017);
         "P. Giannozzi et al., J. Chem. Phys. 152 154105 (2020);
          URL http://www.quantum-espresso.org", 
     in publications or presentations arising from this work. More details at
     http://www.quantum-espresso.org/quote

     Parallel version (MPI & OpenMP), running on      16 processor cores
     Number of MPI processes:                16
     Threads/MPI process:                     1

     MPI processes distributed on     1 nodes
     29042 MiB available memory on the printing compute node when the environment starts
 
     Reading input from nscf.in
     Message from routine read_cards :
     DEPRECATED: no units specified in ATOMIC_POSITIONS card
     Message from routine read_cards :
     ATOMIC_POSITIONS: units set to alat

     Current dimensions of program PWSCF are:
     Max number of different atomic species (ntypx) = 10
     Max number of k-points (npk) =  40000
     Max angular momentum in pseudopotentials (lmaxx) =  4

     Atomic positions and unit cell read from directory:
     ./temp/Cu.save/
 
 
     K-points division:     npool     =       8
     R & G space division:  proc/nbgrp/npool/nimage =       2
     Subspace diagonalization in iterative solution of the eigenvalue problem:
     a serial algorithm will be used

 
     Parallelization info
     --------------------
     sticks:   dense  smooth     PW     G-vecs:    dense   smooth      PW
     Min         219     219     75                 3115     3115     620
     Max         220     220     76                 3116     3116     623
     Sum         439     439    151                 6231     6231    1243
 
     Using Slab Decomposition
 


     bravais-lattice index     =            2
     lattice parameter (alat)  =       6.8220  a.u.
     unit-cell volume          =      79.3734 (a.u.)^3
     number of atoms/cell      =            1
     number of atomic types    =            1
     number of electrons       =        19.00
     number of Kohn-Sham states=           18
     kinetic-energy cutoff     =      70.0000  Ry
     charge density cutoff     =     280.0000  Ry
     Exchange-correlation= PBE
                           (   1   4   3   4   0   0   0)

     celldm(1)=   6.822000  celldm(2)=   0.000000  celldm(3)=   0.000000
     celldm(4)=   0.000000  celldm(5)=   0.000000  celldm(6)=   0.000000

     crystal axes: (cart. coord. in units of alat)
               a(1) = (  -0.500000   0.000000   0.500000 )  
               a(2) = (   0.000000   0.500000   0.500000 )  
               a(3) = (  -0.500000   0.500000   0.000000 )  

     reciprocal axes: (cart. coord. in units 2 pi/alat)
               b(1) = ( -1.000000 -1.000000  1.000000 )  
               b(2) = (  1.000000  1.000000  1.000000 )  
               b(3) = ( -1.000000  1.000000 -1.000000 )  


     PseudoPot. # 1 for Cu read from file:
     ~/PP/all/Cu.dojo.sr.ONCVv0.4.pbe.standard.upf
     MD5 check sum: Not computed, couldn't open file
     Pseudo is Norm-conserving + core correction, Zval = 19.0
     Generated using ONCVPSP code by D. R. Hamann
     Using radial grid of 1492 points,  6 beta functions with: 
                l(1) =   0
                l(2) =   0
                l(3) =   1
                l(4) =   1
                l(5) =   2
                l(6) =   2

     atomic species   valence    mass     pseudopotential
        Cu            19.00    63.54600     Cu( 1.00)

     48 Sym. Ops., with inversion, found



   Cartesian axes

     site n.     atom                  positions (alat units)
         1           Cu  tau(   1) = (   0.0000000   0.0000000   0.0000000  )

     number of k points=    27  Marzari-Vanderbilt smearing, width (Ry)=  0.0200
                       cart. coord. in units 2pi/alat
        k(    1) = (   0.0000000   0.0000000   0.0000000), wk =   0.0740741
        k(    2) = (  -0.3333333   0.3333333  -0.3333333), wk =   0.0740741
        k(    3) = (  -0.6666667   0.6666667  -0.6666667), wk =   0.0740741
        k(    4) = (   0.3333333   0.3333333   0.3333333), wk =   0.0740741
        k(    5) = (   0.0000000   0.6666667   0.0000000), wk =   0.0740741
        k(    6) = (  -0.3333333   1.0000000  -0.3333333), wk =   0.0740741
        k(    7) = (   0.6666667   0.6666667   0.6666667), wk =   0.0740741
        k(    8) = (   0.3333333   1.0000000   0.3333333), wk =   0.0740741
        k(    9) = (   0.0000000   1.3333333   0.0000000), wk =   0.0740741
        k(   10) = (  -0.3333333  -0.3333333   0.3333333), wk =   0.0740741
        k(   11) = (  -0.6666667   0.0000000   0.0000000), wk =   0.0740741
        k(   12) = (  -1.0000000   0.3333333  -0.3333333), wk =   0.0740741
        k(   13) = (   0.0000000   0.0000000   0.6666667), wk =   0.0740741
        k(   14) = (  -0.3333333   0.3333333   0.3333333), wk =   0.0740741
        k(   15) = (  -0.6666667   0.6666667  -0.0000000), wk =   0.0740741
        k(   16) = (   0.3333333   0.3333333   1.0000000), wk =   0.0740741
        k(   17) = (   0.0000000   0.6666667   0.6666667), wk =   0.0740741
        k(   18) = (  -0.3333333   1.0000000   0.3333333), wk =   0.0740741
        k(   19) = (  -0.6666667  -0.6666667   0.6666667), wk =   0.0740741
        k(   20) = (  -1.0000000  -0.3333333   0.3333333), wk =   0.0740741
        k(   21) = (  -1.3333333   0.0000000   0.0000000), wk =   0.0740741
        k(   22) = (  -0.3333333  -0.3333333   1.0000000), wk =   0.0740741
        k(   23) = (  -0.6666667  -0.0000000   0.6666667), wk =   0.0740741
        k(   24) = (  -1.0000000   0.3333333   0.3333333), wk =   0.0740741
        k(   25) = (   0.0000000   0.0000000   1.3333333), wk =   0.0740741
        k(   26) = (  -0.3333333   0.3333333   1.0000000), wk =   0.0740741
        k(   27) = (  -0.6666667   0.6666667   0.6666667), wk =   0.0740741

     Dense  grid:     6231 G-vectors     FFT dimensions: (  25,  25,  25)

     Estimated max dynamical RAM per process >       3.04 MB

     Estimated total dynamical RAM >      48.59 MB

     Check: negative core charge=   -0.000005

     The potential is recalculated from file :
     ./temp/Cu.save/charge-density

     Starting wfcs are   10 randomized atomic wfcs +    8 random wfcs

     Band Structure Calculation
     Davidson diagonalization with overlap

     ethr =  5.26E-13,  avg # of iterations = 25.8

     total cpu time spent up to now is        4.8 secs

     End of band structure calculation

          k = 0.0000 0.0000 0.0000 (   749 PWs)   bands (ev):

   -95.2667 -52.5260 -52.5260 -52.5260   8.0051  14.5120  14.5120  14.5120
    15.3729  15.3729  40.1389  42.7603  42.7603  42.7603  45.2557  45.2557
    45.2557  48.9917

          k =-0.3333 0.3333-0.3333 (   769 PWs)   bands (ev):

   -95.2568 -52.6179 -52.5483 -52.5483  11.4021  14.4554  14.5868  14.5868
    15.6588  15.6588  26.0927  39.3304  39.8483  39.8483  44.2249  44.2249
    47.4824  54.7716

          k =-0.6667 0.6667-0.6667 (   769 PWs)   bands (ev):

   -95.2568 -52.6179 -52.5483 -52.5483  11.4021  14.4554  14.5868  14.5868
    15.6588  15.6588  26.0927  39.3304  39.8483  39.8483  44.2249  44.2249
    47.4824  54.7716

          k = 0.3333 0.3333 0.3333 (   769 PWs)   bands (ev):

   -95.2568 -52.6179 -52.5483 -52.5483  11.4021  14.4554  14.5868  14.5868
    15.6588  15.6588  26.0927  39.3304  39.8483  39.8483  44.2249  44.2249
    47.4824  54.7716

          k = 0.0000 0.6667 0.0000 (   797 PWs)   bands (ev):

   -95.2539 -52.6205 -52.5775 -52.5775  12.1292  13.3962  15.3914  15.5821
    15.5821  15.7657  31.1451  32.4296  32.4296  35.6981  38.3634  58.0563
    58.0563  58.3387

          k =-0.3333 1.0000-0.3333 (   792 PWs)   bands (ev):

   -95.2503 -52.6180 -52.6155 -52.5744  13.4285  13.6026  14.3460  15.2684
    15.7139  20.7148  23.3956  25.9568  34.1146  37.3448  50.8538  51.8539
    52.3522  55.3245

          k = 0.6667 0.6667 0.6667 (   769 PWs)   bands (ev):

   -95.2568 -52.6179 -52.5483 -52.5483  11.4021  14.4554  14.5868  14.5868
    15.6588  15.6588  26.0927  39.3304  39.8483  39.8483  44.2249  44.2249
    47.4824  54.7716

          k = 0.3333 1.0000 0.3333 (   792 PWs)   bands (ev):

   -95.2503 -52.6180 -52.6155 -52.5744  13.4285  13.6026  14.3460  15.2684
    15.7139  20.7148  23.3956  25.9568  34.1146  37.3448  50.8538  51.8539
    52.3522  55.3245

          k = 0.0000 1.3333 0.0000 (   797 PWs)   bands (ev):

   -95.2539 -52.6205 -52.5775 -52.5775  12.1292  13.3962  15.3914  15.5821
    15.5821  15.7657  31.1451  32.4296  32.4296  35.6981  38.3634  58.0563
    58.0563  58.3387

          k =-0.3333-0.3333 0.3333 (   769 PWs)   bands (ev):

   -95.2568 -52.6179 -52.5483 -52.5483  11.4021  14.4554  14.5868  14.5868
    15.6588  15.6588  26.0927  39.3304  39.8483  39.8483  44.2249  44.2249
    47.4824  54.7716

          k =-0.6667 0.0000 0.0000 (   797 PWs)   bands (ev):

   -95.2539 -52.6205 -52.5775 -52.5775  12.1292  13.3962  15.3914  15.5821
    15.5821  15.7657  31.1451  32.4296  32.4296  35.6981  38.3634  58.0563
    58.0563  58.3387

          k =-1.0000 0.3333-0.3333 (   792 PWs)   bands (ev):

   -95.2503 -52.6180 -52.6155 -52.5744  13.4285  13.6026  14.3460  15.2684
    15.7139  20.7148  23.3956  25.9568  34.1146  37.3448  50.8538  51.8539
    52.3522  55.3245

          k = 0.0000 0.0000 0.6667 (   797 PWs)   bands (ev):

   -95.2539 -52.6205 -52.5775 -52.5775  12.1292  13.3962  15.3914  15.5821
    15.5821  15.7657  31.1451  32.4296  32.4296  35.6981  38.3634  58.0563
    58.0563  58.3387

          k =-0.3333 0.3333 0.3333 (   769 PWs)   bands (ev):

   -95.2568 -52.6179 -52.5483 -52.5483  11.4021  14.4554  14.5868  14.5868
    15.6588  15.6588  26.0927  39.3304  39.8483  39.8483  44.2249  44.2249
    47.4824  54.7716

          k =-0.6667 0.6667-0.0000 (   792 PWs)   bands (ev):

   -95.2503 -52.6180 -52.6155 -52.5744  13.4285  13.6026  14.3460  15.2684
    15.7139  20.7148  23.3956  25.9568  34.1146  37.3448  50.8538  51.8539
    52.3522  55.3245

          k = 0.3333 0.3333 1.0000 (   792 PWs)   bands (ev):

   -95.2503 -52.6180 -52.6155 -52.5744  13.4285  13.6026  14.3460  15.2684
    15.7139  20.7148  23.3956  25.9568  34.1146  37.3448  50.8538  51.8539
    52.3522  55.3245

          k = 0.0000 0.6667 0.6667 (   792 PWs)   bands (ev):

   -95.2503 -52.6180 -52.6155 -52.5744  13.4285  13.6026  14.3460  15.2684
    15.7139  20.7148  23.3956  25.9568  34.1146  37.3448  50.8538  51.8539
    52.3522  55.3245

          k =-0.3333 1.0000 0.3333 (   792 PWs)   bands (ev):

   -95.2503 -52.6180 -52.6155 -52.5744  13.4285  13.6026  14.3460  15.2684
    15.7139  20.7148  23.3956  25.9568  34.1146  37.3448  50.8538  51.8539
    52.3522  55.3245

          k =-0.6667-0.6667 0.6667 (   769 PWs)   bands (ev):

   -95.2568 -52.6179 -52.5483 -52.5483  11.4021  14.4554  14.5868  14.5868
    15.6588  15.6588  26.0927  39.3304  39.8483  39.8483  44.2249  44.2249
    47.4824  54.7716

          k =-1.0000-0.3333 0.3333 (   792 PWs)   bands (ev):

   -95.2503 -52.6180 -52.6155 -52.5744  13.4285  13.6026  14.3460  15.2684
    15.7139  20.7148  23.3956  25.9568  34.1146  37.3448  50.8538  51.8539
    52.3522  55.3245

          k =-1.3333 0.0000 0.0000 (   797 PWs)   bands (ev):

   -95.2539 -52.6205 -52.5775 -52.5775  12.1292  13.3962  15.3914  15.5821
    15.5821  15.7657  31.1451  32.4296  32.4296  35.6981  38.3634  58.0563
    58.0563  58.3387

          k =-0.3333-0.3333 1.0000 (   792 PWs)   bands (ev):

   -95.2503 -52.6180 -52.6155 -52.5744  13.4285  13.6026  14.3460  15.2684
    15.7139  20.7148  23.3956  25.9568  34.1146  37.3448  50.8538  51.8539
    52.3522  55.3245

          k =-0.6667-0.0000 0.6667 (   792 PWs)   bands (ev):

   -95.2503 -52.6180 -52.6155 -52.5744  13.4285  13.6026  14.3460  15.2684
    15.7139  20.7148  23.3956  25.9568  34.1146  37.3448  50.8538  51.8539
    52.3522  55.3245

          k =-1.0000 0.3333 0.3333 (   792 PWs)   bands (ev):

   -95.2503 -52.6180 -52.6155 -52.5744  13.4285  13.6026  14.3460  15.2684
    15.7139  20.7148  23.3956  25.9568  34.1146  37.3448  50.8538  51.8539
    52.3522  55.3245

          k = 0.0000 0.0000 1.3333 (   797 PWs)   bands (ev):

   -95.2539 -52.6205 -52.5775 -52.5775  12.1292  13.3962  15.3914  15.5821
    15.5821  15.7657  31.1451  32.4296  32.4296  35.6981  38.3634  58.0563
    58.0563  58.3387

          k =-0.3333 0.3333 1.0000 (   792 PWs)   bands (ev):

   -95.2503 -52.6180 -52.6155 -52.5744  13.4285  13.6026  14.3460  15.2684
    15.7139  20.7148  23.3956  25.9568  34.1146  37.3448  50.8538  51.8539
    52.3522  55.3245

          k =-0.6667 0.6667 0.6667 (   769 PWs)   bands (ev):

   -95.2568 -52.6179 -52.5483 -52.5483  11.4021  14.4554  14.5868  14.5868
    15.6588  15.6588  26.0927  39.3304  39.8483  39.8483  44.2249  44.2249
    47.4824  54.7716

     Writing all to output data dir ./temp/Cu.save/
 
     init_run     :      0.08s CPU      0.12s WALL (       1 calls)
     electrons    :      0.64s CPU      0.69s WALL (       1 calls)

     Called by init_run:
     wfcinit      :      0.00s CPU      0.01s WALL (       1 calls)
     potinit      :      0.01s CPU      0.04s WALL (       1 calls)
     hinit0       :      0.06s CPU      0.06s WALL (       1 calls)

     Called by electrons:
     c_bands      :      0.64s CPU      0.69s WALL (       1 calls)
     v_of_rho     :      0.01s CPU      0.01s WALL (       1 calls)

     Called by c_bands:
     init_us_2    :      0.00s CPU      0.00s WALL (       4 calls)
     init_us_2:cp :      0.00s CPU      0.00s WALL (       4 calls)
     cegterg      :      0.51s CPU      0.54s WALL (       7 calls)

     Called by *egterg:
     cdiaghg      :      0.05s CPU      0.05s WALL (      86 calls)
     h_psi        :      0.40s CPU      0.42s WALL (      93 calls)
     g_psi        :      0.01s CPU      0.01s WALL (      82 calls)

     Called by h_psi:
     h_psi:calbec :      0.01s CPU      0.01s WALL (      93 calls)
     vloc_psi     :      0.37s CPU      0.40s WALL (      93 calls)
     add_vuspsi   :      0.01s CPU      0.01s WALL (      93 calls)

     General routines
     calbec       :      0.01s CPU      0.01s WALL (      93 calls)
     fft          :      0.00s CPU      0.01s WALL (      11 calls)
     fftw         :      0.33s CPU      0.35s WALL (    2216 calls)
     davcio       :      0.00s CPU      0.00s WALL (       8 calls)
 
     Parallel routines
 
     PWSCF        :      2.22s CPU      5.38s WALL

 
   This run was terminated on:  21:53: 1   4Jul2022            

=------------------------------------------------------------------------------=
   JOB DONE.
=------------------------------------------------------------------------------=
